[2021-06-15T10:19:45.124] [DEBUG] cheese - login => username:zsasd,password:123asdasd
[2021-06-15T10:19:45.131] [DEBUG] cheese - zsasd
[2021-06-15T10:19:45.152] [DEBUG] cheese - null
[2021-06-15T10:19:45.153] [DEBUG] cheese - null
[2021-06-15T10:21:26.135] [DEBUG] cheese - login => username:zsasd,password:123asdasd
[2021-06-15T10:21:26.137] [DEBUG] cheese - zsasd
[2021-06-15T10:21:26.145] [DEBUG] cheese - null
[2021-06-15T10:21:26.145] [DEBUG] cheese - null
[2021-06-15T10:21:27.509] [DEBUG] cheese - login => username:zsasd,password:123asdasd
[2021-06-15T10:21:27.510] [DEBUG] cheese - zsasd
[2021-06-15T10:21:27.511] [DEBUG] cheese - null
[2021-06-15T10:21:27.511] [DEBUG] cheese - null
[2021-06-15T10:29:54.786] [DEBUG] cheese - login => username:zsasd,password:123asdsas
[2021-06-15T10:29:54.787] [DEBUG] cheese - zsasd
[2021-06-15T10:29:54.788] [DEBUG] cheese - null
[2021-06-15T10:29:54.788] [DEBUG] cheese - null
[2021-06-15T10:31:46.450] [DEBUG] cheese - login => username:zsasd,password:123asfas
[2021-06-15T10:31:46.450] [DEBUG] cheese - zsasd
[2021-06-15T10:31:46.451] [DEBUG] cheese - null
[2021-06-15T10:31:46.451] [DEBUG] cheese - null
[2021-06-15T10:34:28.601] [DEBUG] cheese - login => username:zsasd,password:123afasdfd
[2021-06-15T10:34:28.601] [DEBUG] cheese - zsasd
[2021-06-15T10:34:28.603] [DEBUG] cheese - null
[2021-06-15T10:34:28.604] [DEBUG] cheese - null
[2021-06-15T10:34:55.722] [DEBUG] cheese - login => username:zsdfa,password:123sgsf
[2021-06-15T10:34:55.722] [DEBUG] cheese - zsdfa
[2021-06-15T10:34:55.724] [DEBUG] cheese - null
[2021-06-15T10:34:55.724] [DEBUG] cheese - null
[2021-06-15T10:35:01.202] [DEBUG] cheese - login => username:zsdfa,password:123sgsf
[2021-06-15T10:35:01.202] [DEBUG] cheese - zsdfa
[2021-06-15T10:35:01.203] [DEBUG] cheese - null
[2021-06-15T10:35:01.204] [DEBUG] cheese - null
[2021-06-15T10:35:02.150] [DEBUG] cheese - login => username:zsdfa,password:123sgsf
[2021-06-15T10:35:02.150] [DEBUG] cheese - zsdfa
[2021-06-15T10:35:02.151] [DEBUG] cheese - null
[2021-06-15T10:35:02.151] [DEBUG] cheese - null
[2021-06-15T10:35:02.701] [DEBUG] cheese - login => username:zsdfa,password:123sgsf
[2021-06-15T10:35:02.701] [DEBUG] cheese - zsdfa
[2021-06-15T10:35:02.703] [DEBUG] cheese - null
[2021-06-15T10:35:02.703] [DEBUG] cheese - null
[2021-06-15T10:35:12.847] [DEBUG] cheese - login => username:admin,password:1235456
[2021-06-15T10:35:12.847] [DEBUG] cheese - admin
[2021-06-15T10:35:12.852] [DEBUG] cheese - null
[2021-06-15T10:35:12.852] [DEBUG] cheese - null
[2021-06-15T10:35:14.109] [DEBUG] cheese - login => username:admin,password:1235456
[2021-06-15T10:35:14.109] [DEBUG] cheese - admin
[2021-06-15T10:35:14.111] [DEBUG] cheese - null
[2021-06-15T10:35:14.112] [DEBUG] cheese - null
[2021-06-15T10:35:19.015] [DEBUG] cheese - login => username:admin,password:123456
[2021-06-15T10:35:19.015] [DEBUG] cheese - admin
[2021-06-15T10:35:19.019] [DEBUG] cheese - null
[2021-06-15T10:35:19.019] [DEBUG] cheese - null
[2021-06-15T10:41:49.879] [DEBUG] cheese - login => username:zssdf,password:123sdgfs
[2021-06-15T10:41:49.879] [DEBUG] cheese - zssdf
[2021-06-15T10:41:49.883] [DEBUG] cheese - null
[2021-06-15T10:41:49.883] [DEBUG] cheese - null
[2021-06-15T10:41:58.554] [DEBUG] cheese - login => username:admin,password:123456
[2021-06-15T10:41:58.554] [DEBUG] cheese - admin
[2021-06-15T10:41:58.556] [DEBUG] cheese - null
[2021-06-15T10:41:58.556] [DEBUG] cheese - null
[2021-06-15T10:45:15.859] [DEBUG] cheese - login => username:admin,password:123456
[2021-06-15T10:45:15.859] [DEBUG] cheese - admin
[2021-06-15T10:45:15.861] [DEBUG] cheese - null
[2021-06-15T10:45:15.861] [DEBUG] cheese - null
[2021-06-15T10:49:01.871] [DEBUG] cheese - login => username:admin,password:123456
[2021-06-15T10:49:01.871] [DEBUG] cheese - admin
[2021-06-15T10:49:01.872] [DEBUG] cheese - null
[2021-06-15T10:49:01.872] [DEBUG] cheese - null
[2021-06-15T10:49:06.619] [DEBUG] cheese - login => username:admin,password:123456
[2021-06-15T10:49:06.619] [DEBUG] cheese - admin
[2021-06-15T10:49:06.621] [DEBUG] cheese - null
[2021-06-15T10:49:06.621] [DEBUG] cheese - null
[2021-06-15T10:49:13.181] [DEBUG] cheese - login => username:admin,password:123456
[2021-06-15T10:49:13.181] [DEBUG] cheese - admin
[2021-06-15T10:49:13.183] [DEBUG] cheese - null
[2021-06-15T10:49:13.183] [DEBUG] cheese - null
[2021-06-15T10:49:15.961] [DEBUG] cheese - login => username:admin,password:123456
[2021-06-15T10:49:15.962] [DEBUG] cheese - admin
[2021-06-15T10:49:15.964] [DEBUG] cheese - null
[2021-06-15T10:49:15.964] [DEBUG] cheese - null
[2021-06-15T10:50:28.645] [DEBUG] cheese - login => username:admin,password:123456
[2021-06-15T10:50:28.645] [DEBUG] cheese - admin
[2021-06-15T10:50:28.646] [DEBUG] cheese - null
[2021-06-15T10:50:28.646] [DEBUG] cheese - null
[2021-06-15T10:52:58.497] [DEBUG] cheese - login => username:admin,password:123456
[2021-06-15T10:52:58.497] [DEBUG] cheese - admin
[2021-06-15T10:52:58.499] [DEBUG] cheese - null
[2021-06-15T10:52:58.499] [DEBUG] cheese - null
[2021-06-15T11:39:01.053] [DEBUG] cheese - login => username:admin,password:123456
[2021-06-15T11:39:01.053] [DEBUG] cheese - admin
[2021-06-15T11:39:01.056] [DEBUG] cheese - null
[2021-06-15T11:39:01.056] [DEBUG] cheese - null
[2021-06-15T11:39:05.884] [DEBUG] cheese - login => username:admin,password:123456
[2021-06-15T11:39:05.884] [DEBUG] cheese - admin
[2021-06-15T11:39:05.886] [DEBUG] cheese - null
[2021-06-15T11:39:05.886] [DEBUG] cheese - null
[2021-06-15T11:39:08.124] [DEBUG] cheese - login => username:admin,password:123456
[2021-06-15T11:39:08.124] [DEBUG] cheese - admin
[2021-06-15T11:39:08.126] [DEBUG] cheese - null
[2021-06-15T11:39:08.126] [DEBUG] cheese - null
[2021-06-15T11:49:52.592] [DEBUG] cheese - login => username:admin,password:123456
[2021-06-15T11:49:52.592] [DEBUG] cheese - admin
[2021-06-15T11:49:52.595] [DEBUG] cheese - null
[2021-06-15T11:49:52.595] [DEBUG] cheese - null
[2021-06-15T12:49:00.655] [DEBUG] cheese - login => username:admin,password:123456
[2021-06-15T12:49:00.655] [DEBUG] cheese - admin
[2021-06-15T12:49:00.659] [DEBUG] cheese - null
[2021-06-15T12:49:00.659] [DEBUG] cheese - null
[2021-07-14T15:22:01.492] [DEBUG] cheese - login => username:admin,password:123456
[2021-07-14T15:22:01.493] [DEBUG] cheese - admin
[2021-07-14T15:22:01.504] [DEBUG] cheese - null
[2021-07-14T15:22:01.504] [DEBUG] cheese - null
[2021-07-14T15:22:09.861] [DEBUG] cheese - login => username:admin,password:123666
[2021-07-14T15:22:09.861] [DEBUG] cheese - admin
[2021-07-14T15:22:09.863] [DEBUG] cheese - null
[2021-07-14T15:22:09.863] [DEBUG] cheese - null
[2021-07-14T15:57:56.656] [DEBUG] cheese - login => username:admin,password:123666
[2021-07-14T15:57:56.656] [DEBUG] cheese - admin
[2021-07-14T15:57:56.658] [DEBUG] cheese - null
[2021-07-14T15:57:56.659] [DEBUG] cheese - null
[2021-07-14T15:58:01.877] [DEBUG] cheese - login => username:admin,password:123456
[2021-07-14T15:58:01.877] [DEBUG] cheese - admin
[2021-07-14T15:58:01.878] [DEBUG] cheese - null
[2021-07-14T15:58:01.878] [DEBUG] cheese - null
[2021-07-14T15:58:05.394] [DEBUG] cheese - login => username:admin,password:123456
[2021-07-14T15:58:05.394] [DEBUG] cheese - admin
[2021-07-14T15:58:05.396] [DEBUG] cheese - null
[2021-07-14T15:58:05.396] [DEBUG] cheese - null
[2021-07-14T18:26:04.173] [DEBUG] cheese - login => username:admin,password:123456
[2021-07-14T18:26:04.173] [DEBUG] cheese - admin
[2021-07-14T18:26:04.175] [DEBUG] cheese - null
[2021-07-14T18:26:04.175] [DEBUG] cheese - null
[2021-07-14T18:27:15.065] [DEBUG] cheese - login => username:admin,password:123456
[2021-07-14T18:27:15.065] [DEBUG] cheese - admin
[2021-07-14T18:27:15.067] [DEBUG] cheese - null
[2021-07-14T18:27:15.067] [DEBUG] cheese - null
